<html>
<body>
<pre>
<h1>礦ision Build Log</h1>
<h2>Tool Versions:</h2>
IDE-Version: μVision V5.15
Copyright (C) 2015 ARM Ltd and ARM Germany GmbH. All rights reserved.
License Information: 1 1105653937@qq.com, 1, LIC=JDALQ-ND0WR-TJE6H-W51K2-HKED8-XXBFT
 
Tool Versions:
Toolchain:       MDK-ARM Professional  Version: 5.15.0
Toolchain Path:  D:\Keil_v5\ARM\ARMCC\Bin
C Compiler:      Armcc.exe V5.05 update 2 (build 169)
Assembler:       Armasm.exe V5.05 update 2 (build 169)
Linker/Locator:  ArmLink.exe V5.05 update 2 (build 169)
Library Manager: ArmAr.exe V5.05 update 2 (build 169)
Hex Converter:   FromElf.exe V5.05 update 2 (build 169)
CPU DLL:         SARMCM3.DLL V5.15.0
Dialog DLL:      DARMSTM.DLL V1.65.0.0
Target DLL:      Segger\JL2CM3.dll V2.99.15.0
Dialog DLL:      TARMSTM.DLL V1.64.0.0
 
<h2>Project:</h2>
F:\BaiduNetdiskDownload\4，程序源码\1，标准例程-寄存器版本\ALIENTEK MiniSTM32 实验3  串口实验 - 副本\USER\test.uvprojx
Project File Date:  10/07/2022

<h2>Output:</h2>
*** Using Compiler 'V5.05 update 2 (build 169)', folder: 'D:\Keil_v5\ARM\ARMCC\Bin'
Rebuild target 'Target 1'
assembling startup_stm32f10x_hd.s...
compiling test.c...
test.c(31): warning:  #177-D: variable "tmp" was declared but never referenced
      uint8_t tmp;
test.c(220): warning:  #111-D: statement is unreachable
        return 0;       
test.c(124): warning:  #177-D: variable "t" was declared but never referenced
                u8 t,i;
test.c: 3 warnings, 0 errors
compiling delay.c...
compiling sys.c...
compiling usart.c...
compiling led.c...
compiling aes.c...
linking...
Program Size: Code=8660 RO-data=1252 RW-data=32 ZI-data=1400  
FromELF: creating hex file...
"..\OBJ\test.axf" - 0 Error(s), 3 Warning(s).

<h2>Collection of Component include folders:</h2>
  F:\BaiduNetdiskDownload\4，程序源码\1，标准例程-寄存器版本\ALIENTEK MiniSTM32 实验3  串口实验 - 副本\USER\RTE
  D:\Keil_v5\ARM\PACK\Keil\STM32F1xx_DFP\1.1.0\Device\Include

<h2>Collection of Component Files used:</h2>
</pre>
</body>
</html>
